// Jest Snapshot v1, https://goo.gl/fbAQLP

exports[`Evaluar el componente <GifGrid/> Debe de hacer match con el snapshot  1`] = `
<Fragment>
  <h3
    className="animate__animated animate__fadeIn"
  >
    One Punch
  </h3>
  <p
    className="animate__animated animate__slow animate__repeat-2 animate__headShake"
  >
    Loading...
  </p>
  <div
    className="card-grid"
  />
</Fragment>
`;
